<span class="hljs-string">@a</span> <span class="hljs-string">@Z</span> <span class="hljs-string">@ </span> <span class="hljs-string">@\n</span> <span class="hljs-string">@\s</span> <span class="hljs-string">@\xae</span> <span class="hljs-string">@\x1F</span> <span class="hljs-string">@\u2665</span> <span class="hljs-string">@\u{1f600}</span>
