<span class="hljs-title function_ invoke__">Cube</span> <span class="hljs-built_in">←</span> <span class="hljs-built_in">×</span><span class="hljs-built_in">×</span><span class="hljs-built_in">.</span><span class="hljs-built_in">.</span>
<span class="hljs-title function_ invoke__">Cube</span> <span class="hljs-built_in">=</span> <span class="hljs-punctuation">(</span><span class="hljs-built_in">×</span><span class="hljs-built_in">×</span><span class="hljs-built_in">.</span><span class="hljs-built_in">.</span><span class="hljs-punctuation">)</span>
